// Jest Snapshot v1, https://goo.gl/fbAQLP

exports[`renders without crashing 1`] = `
Object {
  "asFragment": [Function],
  "baseElement": <body>
    <div>
      <div
        class="App"
      >
        <header
          class="App-header"
        >
          <img
            alt="logo"
            class="App-logo"
            src="logo.svg"
          />
          <p>
            React Nestable demo
          </p>
        </header>
        <main
          class="Content"
        >
          <div
            class="Form"
          >
            <form>
              <div
                class="MuiFormControl-root MuiTextField-root"
              >
                <div
                  class="MuiInputBase-root MuiInput-root MuiInput-underline MuiInputBase-formControl MuiInput-formControl"
                >
                  <input
                    aria-invalid="false"
                    class="MuiInputBase-input MuiInput-input"
                    name="text"
                    placeholder="Add new item"
                    type="text"
                    value="John"
                  />
                </div>
              </div>
              <button
                class="MuiButtonBase-root MuiButton-root MuiButton-contained SubmitButton MuiButton-containedPrimary MuiButton-containedSizeSmall MuiButton-sizeSmall"
                tabindex="0"
                type="submit"
              >
                <span
                  class="MuiButton-label"
                >
                  Submit
                </span>
                <span
                  class="MuiTouchRipple-root"
                />
              </button>
              <div />
            </form>
          </div>
          <div
            class="nestable nestable-g3546wwjggh"
          >
            <ol
              class="nestable-list nestable-group"
            />
          </div>
        </main>
      </div>
    </div>
  </body>,
  "container": <div>
    <div
      class="App"
    >
      <header
        class="App-header"
      >
        <img
          alt="logo"
          class="App-logo"
          src="logo.svg"
        />
        <p>
          React Nestable demo
        </p>
      </header>
      <main
        class="Content"
      >
        <div
          class="Form"
        >
          <form>
            <div
              class="MuiFormControl-root MuiTextField-root"
            >
              <div
                class="MuiInputBase-root MuiInput-root MuiInput-underline MuiInputBase-formControl MuiInput-formControl"
              >
                <input
                  aria-invalid="false"
                  class="MuiInputBase-input MuiInput-input"
                  name="text"
                  placeholder="Add new item"
                  type="text"
                  value="John"
                />
              </div>
            </div>
            <button
              class="MuiButtonBase-root MuiButton-root MuiButton-contained SubmitButton MuiButton-containedPrimary MuiButton-containedSizeSmall MuiButton-sizeSmall"
              tabindex="0"
              type="submit"
            >
              <span
                class="MuiButton-label"
              >
                Submit
              </span>
              <span
                class="MuiTouchRipple-root"
              />
            </button>
            <div />
          </form>
        </div>
        <div
          class="nestable nestable-g3546wwjggh"
        >
          <ol
            class="nestable-list nestable-group"
          />
        </div>
      </main>
    </div>
  </div>,
  "debug": [Function],
  "findAllByAltText": [Function],
  "findAllByDisplayValue": [Function],
  "findAllByLabelText": [Function],
  "findAllByPlaceholderText": [Function],
  "findAllByRole": [Function],
  "findAllByTestId": [Function],
  "findAllByText": [Function],
  "findAllByTitle": [Function],
  "findByAltText": [Function],
  "findByDisplayValue": [Function],
  "findByLabelText": [Function],
  "findByPlaceholderText": [Function],
  "findByRole": [Function],
  "findByTestId": [Function],
  "findByText": [Function],
  "findByTitle": [Function],
  "getAllByAltText": [Function],
  "getAllByDisplayValue": [Function],
  "getAllByLabelText": [Function],
  "getAllByPlaceholderText": [Function],
  "getAllByRole": [Function],
  "getAllByTestId": [Function],
  "getAllByText": [Function],
  "getAllByTitle": [Function],
  "getByAltText": [Function],
  "getByDisplayValue": [Function],
  "getByLabelText": [Function],
  "getByPlaceholderText": [Function],
  "getByRole": [Function],
  "getByTestId": [Function],
  "getByText": [Function],
  "getByTitle": [Function],
  "queryAllByAltText": [Function],
  "queryAllByDisplayValue": [Function],
  "queryAllByLabelText": [Function],
  "queryAllByPlaceholderText": [Function],
  "queryAllByRole": [Function],
  "queryAllByTestId": [Function],
  "queryAllByText": [Function],
  "queryAllByTitle": [Function],
  "queryByAltText": [Function],
  "queryByDisplayValue": [Function],
  "queryByLabelText": [Function],
  "queryByPlaceholderText": [Function],
  "queryByRole": [Function],
  "queryByTestId": [Function],
  "queryByText": [Function],
  "queryByTitle": [Function],
  "rerender": [Function],
  "unmount": [Function],
}
`;
